# TLS secrets log file, generated by OpenSSL / Python
SERVER_HANDSHAKE_TRAFFIC_SECRET 0a6a5ba4093a473c83827b9de0af4cf38dc33ad326dd8032345308fb13e80613 bd807fab4a54fec0e3ecb6dad1b013231c1143059bc370165ecaaaee5666bb66f24a40c30d7e44552e0a713f8dbcbed8
EXPORTER_SECRET 0a6a5ba4093a473c83827b9de0af4cf38dc33ad326dd8032345308fb13e80613 e46f9868c5dff6efe74d5ff392dc9c6b4eed15901cd81708b0001a4bef48db70588214405463b33fa85ec129e51f8682
SERVER_TRAFFIC_SECRET_0 0a6a5ba4093a473c83827b9de0af4cf38dc33ad326dd8032345308fb13e80613 3ea900463909c33f16279343775978668237141f85e8115ba7709db9b159aa09829268f71c98c21b8278009064855a2d
CLIENT_HANDSHAKE_TRAFFIC_SECRET 0a6a5ba4093a473c83827b9de0af4cf38dc33ad326dd8032345308fb13e80613 e50af4c7761c683df2c5a4e66cb2b2afeebb34a08066be9d3fbd04719bf1684f14eec2e2de05489c7d19bdbff794a01e
CLIENT_TRAFFIC_SECRET_0 0a6a5ba4093a473c83827b9de0af4cf38dc33ad326dd8032345308fb13e80613 f1fbded28d659a8ff6da644003315885e1d91c1e0272d682c9eb5ca6779359be356032c4206a23952e7486b23a94334c
SERVER_HANDSHAKE_TRAFFIC_SECRET 4ac2e265abb0e1df5e640cc557c3158eabd3d962cfe509cdbef10b347f26710b b2b6a3f7679155afb44df2f74d9ccf9c12931705a34168c823736374f19df2c1c8702d941ce85a78128ddfbdc9728805
EXPORTER_SECRET 4ac2e265abb0e1df5e640cc557c3158eabd3d962cfe509cdbef10b347f26710b b201b9009fe075b69818d3ddc29dac98a4f979adaf0056c712f70d1029fc713638527eb22b375f29a20b801396a75996
SERVER_TRAFFIC_SECRET_0 4ac2e265abb0e1df5e640cc557c3158eabd3d962cfe509cdbef10b347f26710b eeea64059b4d8ce221bda88112774fdf08857b9c66c8e793be490595e86a36ca89184c8f33278477522ca9e5a109759e
CLIENT_HANDSHAKE_TRAFFIC_SECRET 4ac2e265abb0e1df5e640cc557c3158eabd3d962cfe509cdbef10b347f26710b 40f88655f6c982b0c6f937267b691d1a62832772904653340d94b39e77ac355ad0cfed509d22c345b45e4ba90f605fab
CLIENT_TRAFFIC_SECRET_0 4ac2e265abb0e1df5e640cc557c3158eabd3d962cfe509cdbef10b347f26710b b1708428f7b6cc5b1b5f8e68e21655c616991f2938de6551c0d27e9569f5030363a88c594a6cb5d29c4d7ab87a3ae36b
SERVER_HANDSHAKE_TRAFFIC_SECRET 86363e0322180bc64ef643d8f2284609ef7e7777798c32e6749424f21e0e2b37 60c9d494e869daf575d356d2684c210c459b24a83c46bcc64d665bfe0a959f2d1c880938fe0c2a819fd3786a10669965
EXPORTER_SECRET 86363e0322180bc64ef643d8f2284609ef7e7777798c32e6749424f21e0e2b37 ec4dc0114d79d670e56a122846722956bfce150c8091249885e05fccb96d36013b80eb2af6b2d8f917f5fb921a4edfab
SERVER_TRAFFIC_SECRET_0 86363e0322180bc64ef643d8f2284609ef7e7777798c32e6749424f21e0e2b37 3b28f0bd6e7b69b3c5d21ce4f821c312dae6beba793b586924c5f0d5e79e7e4fda32334f51c829d593f644ffbbf64ff0
CLIENT_HANDSHAKE_TRAFFIC_SECRET 86363e0322180bc64ef643d8f2284609ef7e7777798c32e6749424f21e0e2b37 683c49ee85e97a2fd7b61d63a22d714236945ece8701e35c7b34199a0caa8a49cb69e510755f36486fa297c3529b8834
CLIENT_TRAFFIC_SECRET_0 86363e0322180bc64ef643d8f2284609ef7e7777798c32e6749424f21e0e2b37 fd117ede650ed061db0272c41a277e916e526a05e743f0b7ff4f76b14ed31cf2e85dbb8cb995e4f3b42fd2785f5cb7d1
SERVER_HANDSHAKE_TRAFFIC_SECRET 219f99b2e5998b4f871d1579e5c5d50d98a302498cfd6442bad2839399e324f7 6a37d669bd1787a7098a212cd48a816080bf88b0afed65f7eca67b54d10a1e721404371343f2a8ce8850c205b32e0be7
EXPORTER_SECRET 219f99b2e5998b4f871d1579e5c5d50d98a302498cfd6442bad2839399e324f7 cc320f18b926e2343b5bd021eeec076d9b74edb82b827878bb43c46baa6b566830206f30872da449c518958db75e8bc3
SERVER_TRAFFIC_SECRET_0 219f99b2e5998b4f871d1579e5c5d50d98a302498cfd6442bad2839399e324f7 4f64409a27d6c2f690cd743109cfb389a87464dd86a56f812d361c7a851085dbf116c87124dca4959d2b50340e59c3ff
CLIENT_HANDSHAKE_TRAFFIC_SECRET 219f99b2e5998b4f871d1579e5c5d50d98a302498cfd6442bad2839399e324f7 8bbe2aea5a8196567bbdc91c352231d86100e27c0f939367ba4cafea6b8a476cf7630123998e262524b86d228af600dc
CLIENT_TRAFFIC_SECRET_0 219f99b2e5998b4f871d1579e5c5d50d98a302498cfd6442bad2839399e324f7 d3a81af02abe2d96c0aebbb39e34c577994c449de71d4c9046f79c8b9c8c28f24adead91fa41ee7500cd094db52c83ac
SERVER_HANDSHAKE_TRAFFIC_SECRET bf2141427ae23479e7dbb6349c86b51749d263f7ea832b31205a6304eb0b1b74 d4cc08777af5f70c5418d01af484d5502781c636926e7b197b56824cb4e25e6a6865f71f083f582d409f68a47a41512e
EXPORTER_SECRET bf2141427ae23479e7dbb6349c86b51749d263f7ea832b31205a6304eb0b1b74 5b80767631622d662383b1e3a0bab8998434eac68ba9e634a3e300fadcd9bbf4d4cde8bc387846cde8c256119b77832a
SERVER_TRAFFIC_SECRET_0 bf2141427ae23479e7dbb6349c86b51749d263f7ea832b31205a6304eb0b1b74 5d9a254b02f04f971f48b4b709fa16178aeb111ee33f84dc8d400bb16e5d4bde6e56ca633112c44851c621cb212c855b
CLIENT_HANDSHAKE_TRAFFIC_SECRET bf2141427ae23479e7dbb6349c86b51749d263f7ea832b31205a6304eb0b1b74 baf3984ca5c4e7a72f0fe4c20eaafd25517302e5a43bf61380cba7f9033d118a0a5bf271764e11ae0284d0cd12eac987
CLIENT_TRAFFIC_SECRET_0 bf2141427ae23479e7dbb6349c86b51749d263f7ea832b31205a6304eb0b1b74 a1d6f85463efdc18c9e893505ec06dfa733d2143a3fc0bcb45c3b4d1f5cbea4c0e128fb0999b6818337a8dc2be608284
SERVER_HANDSHAKE_TRAFFIC_SECRET ecdedceefea4c8e5e41791a854c5dae1b1495411fa4eebd77dc6fda4586051e9 007acee8ae104735e0bfb1e204d21642d4b6af6a9ae62b29bcb437da55453e43e4f29524b207ea68cd638c3c08cfe766
EXPORTER_SECRET ecdedceefea4c8e5e41791a854c5dae1b1495411fa4eebd77dc6fda4586051e9 86e94a3277a89b06c3b9b69c6b418827c6c5b6acbbc09e82de55f0213a465e61336527c575662a5a9d4f3a38b390e565
SERVER_TRAFFIC_SECRET_0 ecdedceefea4c8e5e41791a854c5dae1b1495411fa4eebd77dc6fda4586051e9 977937c930441004b50e8863cba4ca23d343a06ad463b274677655d2e7bb85de9d6a8d3d5099fdd78621bb1ae6d61d00
CLIENT_HANDSHAKE_TRAFFIC_SECRET ecdedceefea4c8e5e41791a854c5dae1b1495411fa4eebd77dc6fda4586051e9 e63cc0841e8078040d620816c596e33230d25696ebfc75f5bebd7158acdb2e4af5d85536b18706ebc1e774c039396990
CLIENT_TRAFFIC_SECRET_0 ecdedceefea4c8e5e41791a854c5dae1b1495411fa4eebd77dc6fda4586051e9 6124c0ffd55165616917a840a66d5fbe104da21757e112d79b379b3550ca16a0edb2969338686635a621541bfae413a6
SERVER_HANDSHAKE_TRAFFIC_SECRET b8b4766eda855f754c5f53456a8de4177d50f0bb54280a029f85f30b625c34ff f3969f7bb04a8830b2cd1a6d478bcb524514b487598b6955da42a8b9426cbd756c91c35eb5ba1ef717c9ae1c48eea987
EXPORTER_SECRET b8b4766eda855f754c5f53456a8de4177d50f0bb54280a029f85f30b625c34ff 92b21f3c752427d176a8bbfae88ad3f6731620d2ddc2f8bb0a5ec633a3839d4487641709b95c9a171ed918b66604c8fa
SERVER_TRAFFIC_SECRET_0 b8b4766eda855f754c5f53456a8de4177d50f0bb54280a029f85f30b625c34ff 97e274ec0e94952d6420dc76ac35111866fd7ad1b3a40baf2a46e055bc1fc1ef7832b0ba5eeb05b44767119fe0fa89c4
CLIENT_HANDSHAKE_TRAFFIC_SECRET b8b4766eda855f754c5f53456a8de4177d50f0bb54280a029f85f30b625c34ff 8242f3620bec9fe5460a7c6ed2f5f143db4066c2e1a8cc94fd98e6715bcfb08dd81a6bd485f0730c9e574fdeafdf9d5d
CLIENT_TRAFFIC_SECRET_0 b8b4766eda855f754c5f53456a8de4177d50f0bb54280a029f85f30b625c34ff 225c9c3b1f60c6e8c533fb4c604d0534de7354645b1c0aa8c6b092ed370213b40a1b301267416568c0ee2d923763227d
SERVER_HANDSHAKE_TRAFFIC_SECRET 8c5506aa9aefd146571fdfa794431abe4494443e4f3a5f04d1e0fd1eb4168d7a 98235199030d19847612b113366e8bde282e2efde5fbf0531a33cce3144f48d681aa47d5d052e1a928eb14fa852ed296
EXPORTER_SECRET 8c5506aa9aefd146571fdfa794431abe4494443e4f3a5f04d1e0fd1eb4168d7a d2735bd633b40341377d44e92cfc6d6c974987fe4e6e0bf27dcdf803e6a2785bed1613a8af8664973c89076820b293ef
SERVER_TRAFFIC_SECRET_0 8c5506aa9aefd146571fdfa794431abe4494443e4f3a5f04d1e0fd1eb4168d7a 28c1072b96efe1593eee4f7ee38fddbcaa6b1a7d76a7377bdd4f4da55873f0502ce59ea1eaca922feabcdabe8ddcd651
CLIENT_HANDSHAKE_TRAFFIC_SECRET 8c5506aa9aefd146571fdfa794431abe4494443e4f3a5f04d1e0fd1eb4168d7a b6c92d7c1f4d7ad2b80ecb242c90ac792bce75722cd751f15bf3a091a7659b2f1c8d31547d0879d6d12bcef2f1c73638
CLIENT_TRAFFIC_SECRET_0 8c5506aa9aefd146571fdfa794431abe4494443e4f3a5f04d1e0fd1eb4168d7a 2c611fe611144b6b2c83172fed045288817ac8b27c56778b32db58fc83d52196d242e912bc11fd34f00115779a397579
SERVER_HANDSHAKE_TRAFFIC_SECRET e4a737a1ab9b46a7e1fb7275edafbc658432427c6a0bf28096357d62608de405 01b921805a642f618d396f87cfdf927b2846f4a8f82af69f24ecdbf4d7bab960a94b92cd70a7893c90fb7333c18e41af
EXPORTER_SECRET e4a737a1ab9b46a7e1fb7275edafbc658432427c6a0bf28096357d62608de405 f2b6255946b12fda4c12be950e83a8bda7dbab8ba19088edcd7694ce414cee6f24c1b29174e54d1b55f4b223c2a15dd7
SERVER_TRAFFIC_SECRET_0 e4a737a1ab9b46a7e1fb7275edafbc658432427c6a0bf28096357d62608de405 33605142af9881851780ba4c0a84cb03962adc4e17d46aafea2700e882647e574da8f1e5bb29d1d09b0bb80e8d28d805
CLIENT_HANDSHAKE_TRAFFIC_SECRET e4a737a1ab9b46a7e1fb7275edafbc658432427c6a0bf28096357d62608de405 bd1783cd5bedd56ec3643a7c608b5c60ed4a70b0ef7b3f1490d7d50ef67a8899f878bca827753128275af981d19b67b3
CLIENT_TRAFFIC_SECRET_0 e4a737a1ab9b46a7e1fb7275edafbc658432427c6a0bf28096357d62608de405 8ba505a4fa5fec1f12fd0f6d79cb89cb360147fa8efbfa4c535e9cfbaf50cbb8c678e887bfcdacf37a0c399d296de765
SERVER_HANDSHAKE_TRAFFIC_SECRET bae8854cd9c56c2b380bcc3e50060e562f04b48ee3a57389b34b7a7bca16fa79 73cc03a70546b7ba260b9a57a541f0fbf98cf28833ef3f0f8831ae39a5b772af3a31dd894753ed050855308936ee1bd4
EXPORTER_SECRET bae8854cd9c56c2b380bcc3e50060e562f04b48ee3a57389b34b7a7bca16fa79 3c1fda705a3566ca0edc30775d2fee0d8ccb23d732def2871310d4822f5e37f2077f8009485135626e57b18e677569bd
SERVER_TRAFFIC_SECRET_0 bae8854cd9c56c2b380bcc3e50060e562f04b48ee3a57389b34b7a7bca16fa79 9d80091f8eb10ae9fc1de45317686d3e462b4fb576a5ce6052436d6f58aec6085654546e6e21c8f26b679a9ede92a53d
CLIENT_HANDSHAKE_TRAFFIC_SECRET bae8854cd9c56c2b380bcc3e50060e562f04b48ee3a57389b34b7a7bca16fa79 ff74bb854a18b45e14af73741dd859ba8e18fcea48a19ac31dc394a4d3e11148e474f732bb224e02dd6b4898e44a626b
CLIENT_TRAFFIC_SECRET_0 bae8854cd9c56c2b380bcc3e50060e562f04b48ee3a57389b34b7a7bca16fa79 fdba0c83d0a199ebfe6a91f73e6a5f07e5d8a41b966f04fcb4079b564ccb82bf3cc4ac0052bf95c620c157440e348a65
SERVER_HANDSHAKE_TRAFFIC_SECRET 011bb0a85c11371a2e07412c39864a52d9db5ba09db7a6975760181cc6669ae1 48a5497c4a6ca33c3e13ea9610f437ff25fff7101ea5a1c1883b59b2f31f7284caeef4eef561a783d39da66fe360348b
EXPORTER_SECRET 011bb0a85c11371a2e07412c39864a52d9db5ba09db7a6975760181cc6669ae1 01d7fcdc0053f5aa1afe574c1f87e5f52e2aac3212ef9c9ab9425aad4aa289027e6f1240dd960c2bb295fb575bb06d88
SERVER_TRAFFIC_SECRET_0 011bb0a85c11371a2e07412c39864a52d9db5ba09db7a6975760181cc6669ae1 16af773928b95fdcacc5c4e764d497a4c3be7e663b85aecf77bde74cbd1e60a8a9053a19cdc527069fa69d102d8eaca9
CLIENT_HANDSHAKE_TRAFFIC_SECRET 011bb0a85c11371a2e07412c39864a52d9db5ba09db7a6975760181cc6669ae1 d54b99e85b58a1e5d8198aab7301493810a3a63a2a19ff6256a73b4abfd06c337e57ce194d7083f2829050de7befd1d4
CLIENT_TRAFFIC_SECRET_0 011bb0a85c11371a2e07412c39864a52d9db5ba09db7a6975760181cc6669ae1 e0524e8bb418b7f01c1f0ca9b66562044f85bf1c2460899b70a3aa91be36f2dce301fce2e48a3314a15cd3f7a4f442f6
SERVER_HANDSHAKE_TRAFFIC_SECRET e63b490cd9b0a052fe1d50d9e27c905176e7b3d16ea483bad19c9a149b51ef79 0e84ab64c61d8ff6182aa30bdfa9ac236e5fa7064827bc414d7e1de812edf14ba82d98e2365f59cf57485eb1c4e6bca3
EXPORTER_SECRET e63b490cd9b0a052fe1d50d9e27c905176e7b3d16ea483bad19c9a149b51ef79 c7c6406e56cd716f94922b40f817dd646798d6238eb125ef0d64593ca0f081a7e123105b932ef3f7a7dc9035b5a5e983
SERVER_TRAFFIC_SECRET_0 e63b490cd9b0a052fe1d50d9e27c905176e7b3d16ea483bad19c9a149b51ef79 258ef3c7c00afb715e6fde3b41cecfd41460676419dc111968ddc11883d230d34fc584626c10ca2ed9e110e924041c79
CLIENT_HANDSHAKE_TRAFFIC_SECRET e63b490cd9b0a052fe1d50d9e27c905176e7b3d16ea483bad19c9a149b51ef79 7dcdafbe1bb16a1b683a4ba88fc389962644c68b96d6aec44fcfb8ae78d2fffc6527289b12f6cb459db1caa50ab104e3
CLIENT_TRAFFIC_SECRET_0 e63b490cd9b0a052fe1d50d9e27c905176e7b3d16ea483bad19c9a149b51ef79 f1e1e0cb4862ca046c65b40f0755598fbbcba0a2680480b4c1b4ac8d67af43c14f5aa11b352d319f92f2fd6741964f5e
SERVER_HANDSHAKE_TRAFFIC_SECRET 887c56083192a0ed368c4b23956956471aa911272f5ae24a37a59cbcfad37eeb 8642aa6cc876ce060f7df00292d6ae39f4e8d8aca792df6da3a6f767a48815c19e1001ae8ebfb5ef19f65df72075aff6
EXPORTER_SECRET 887c56083192a0ed368c4b23956956471aa911272f5ae24a37a59cbcfad37eeb 18a8cce6ce2449e1d6bd98aa88557797b9ccfc916364b235bd5c6241e2b994426c44fb15d6c1f9a28171369822b168a4
SERVER_TRAFFIC_SECRET_0 887c56083192a0ed368c4b23956956471aa911272f5ae24a37a59cbcfad37eeb d06a64a96dda6334c5c4d6868636b67c674c893e0964cbe34e777b39e1735739c3471f349a53d9b168bb9f34197b9262
CLIENT_HANDSHAKE_TRAFFIC_SECRET 887c56083192a0ed368c4b23956956471aa911272f5ae24a37a59cbcfad37eeb aea5dea18fcecc253dbf40a9bd3b93fdf4be73344791e129ac0c73930bedeaf7905b90a7ec6ba464aaf4b7693a901eea
CLIENT_TRAFFIC_SECRET_0 887c56083192a0ed368c4b23956956471aa911272f5ae24a37a59cbcfad37eeb 73860d4c1586ccbcd1d35b824457764f0b943e2d78c376507f2c75e01c86d41f4d4c7c4b0f3740dafdad4c468d8079fe
SERVER_HANDSHAKE_TRAFFIC_SECRET 572cf37b2e8c0bf9f2dc775b0b52b183fb8f0e106d93a0829a28d16077a3afe3 dc62a712eb24aa202277165da08a695fd6a028d7fb8f9b2d4df99c1a539c5afae5f4afeb25b6f54e8c1ecd4e9f2ec25f
EXPORTER_SECRET 572cf37b2e8c0bf9f2dc775b0b52b183fb8f0e106d93a0829a28d16077a3afe3 0d446fd3323bca4f9e3854d30f8b5e032d0f04bc2ed430881c0c82f79064d26d178884d99312d5297fcbebeef9eae5e2
SERVER_TRAFFIC_SECRET_0 572cf37b2e8c0bf9f2dc775b0b52b183fb8f0e106d93a0829a28d16077a3afe3 b8ae77cb00727ec3c924f0b6818aad97617e313037e4019a4cf1cdc951d80773a1befb210c35993d79b769a64622cd0c
CLIENT_HANDSHAKE_TRAFFIC_SECRET 572cf37b2e8c0bf9f2dc775b0b52b183fb8f0e106d93a0829a28d16077a3afe3 ef174e990d3c4094da564d06269fe518c83a593a3ef6288c4c268e7da7bce1abdc76e1c4a94ca8ea185e9c9824e399ff
CLIENT_TRAFFIC_SECRET_0 572cf37b2e8c0bf9f2dc775b0b52b183fb8f0e106d93a0829a28d16077a3afe3 e20c69d197e4180aec596e355152077faee72f4a03faacd2c0a2955985af74cf12f025766e0f834ed7fd2509cae9b83f
SERVER_HANDSHAKE_TRAFFIC_SECRET f46d6671d2e812969bdea5fdd8afd873bd75c1d54bbdcc1b6b228ec982e45644 6abfb83d6475d35ff7d6f0a1459992777722f2b1665ad0bdf3606d34d13637716b9ba823e9bd5cbcb0997673763ca27b
EXPORTER_SECRET f46d6671d2e812969bdea5fdd8afd873bd75c1d54bbdcc1b6b228ec982e45644 19fd21d3287ff8905cadc98dd687a881aa3dd9cd9a11ad1d549e2d14ffded0d2319f44221ed105414ae4fd91bd5d0e78
SERVER_TRAFFIC_SECRET_0 f46d6671d2e812969bdea5fdd8afd873bd75c1d54bbdcc1b6b228ec982e45644 20238325027e7f43078a391c25750d9a69c81d53002a5b94542475d23fff831e21a02454f1f75566da14b876a981f030
CLIENT_HANDSHAKE_TRAFFIC_SECRET f46d6671d2e812969bdea5fdd8afd873bd75c1d54bbdcc1b6b228ec982e45644 308666e4cc5875bfc2b1c32fe9ccf193972f6240916fddceff07e6d0420e0a3e0e6d48d4f437caa6770bc4daf72173fc
CLIENT_TRAFFIC_SECRET_0 f46d6671d2e812969bdea5fdd8afd873bd75c1d54bbdcc1b6b228ec982e45644 8e6e0e124c62fa2b17af8c6aa763cc689cf254d4c0ce8056565de9ad9d1bb4ca445168a51b0da1f0723ca06b4505120e
SERVER_HANDSHAKE_TRAFFIC_SECRET 6b1bef80e7ee13f779e68733474c1397721bb70c20f24ce6b81ae0e0b54a8bdc cc7127fc873ca088a13557df03a8c84c4be2692ee0df2c52dc04c7a9aad6ea6684c43c75c6e0a64817cc7ece5a1bb5d4
EXPORTER_SECRET 6b1bef80e7ee13f779e68733474c1397721bb70c20f24ce6b81ae0e0b54a8bdc 462a1c23419541d48df6d57d313a09b9b09d370510bd678c5fc25c460b68912584900d0f1e8c5b91319bcdf482300ab5
SERVER_TRAFFIC_SECRET_0 6b1bef80e7ee13f779e68733474c1397721bb70c20f24ce6b81ae0e0b54a8bdc 1aba9466e0216e10b36f4a29172c957460c711705d0d50092f360c7059cc0fea1f9fad334b36299a872c02a4cf6a59a0
CLIENT_HANDSHAKE_TRAFFIC_SECRET 6b1bef80e7ee13f779e68733474c1397721bb70c20f24ce6b81ae0e0b54a8bdc 38bbcfd4888e62233d12167319b21969d254edd23792d513a5e0149ea135fa026e35beda69a2956407cf05d936d37f83
CLIENT_TRAFFIC_SECRET_0 6b1bef80e7ee13f779e68733474c1397721bb70c20f24ce6b81ae0e0b54a8bdc b07cbbc5c84a38b2a7937b3fe2fa735956ace10fdcf532a0e0f6a6e2dc3d624452ae9ecf28719d26135b3ad800aeb1e2
SERVER_HANDSHAKE_TRAFFIC_SECRET 8d5f03c8ab360ba4a804bdc7663ba6164c7264d7b401051789d5f684fccc57a2 90a15bed1b89183f4c1da537d5f4c86a49e8146ec4bfb01929d0229741ff1d4e85df7cf52fb34b346977176e90611ab9
EXPORTER_SECRET 8d5f03c8ab360ba4a804bdc7663ba6164c7264d7b401051789d5f684fccc57a2 aa66eb424492599b0ae1a1d383d56612b657e1dab0fe638aa0ae4791dde32b22cdbca9c2faca0ab4b2d396ef04b7e14e
SERVER_TRAFFIC_SECRET_0 8d5f03c8ab360ba4a804bdc7663ba6164c7264d7b401051789d5f684fccc57a2 22584a28c2281ce94c4e4db7634266f3922842249bdfc4212b62022d13494f0c47cea448f12551b83bac324eec385264
CLIENT_HANDSHAKE_TRAFFIC_SECRET 8d5f03c8ab360ba4a804bdc7663ba6164c7264d7b401051789d5f684fccc57a2 3a0579c3a6a227df822087974c93fb3a34f3dc551ccf2e082ee9aba9afdbd4af2ccc02acffd98c10362b8b4918a74662
CLIENT_TRAFFIC_SECRET_0 8d5f03c8ab360ba4a804bdc7663ba6164c7264d7b401051789d5f684fccc57a2 8bdc9fe4801edad9506222f0e37acc0979b53f0081af8f19e33ab9ce10b2f0d6e23fcedd4688485e65a60ae8a69b5c4e
SERVER_HANDSHAKE_TRAFFIC_SECRET a6165312616d534d1f6560833298bae84232cc2e72174add4ce63277005c5bed c1429fe60bebfb9b36485052d0350b1bfc0871c11f26c71589a23fbcda6ab43412b8fc31a6a670d43a1cf9f7bec35ce4
EXPORTER_SECRET a6165312616d534d1f6560833298bae84232cc2e72174add4ce63277005c5bed b95ca4faeff1af8fe1b4b9fc3b0c0cb4bb43d7b03cb282295ac9996aca23fc0e201026b4f66e5bb0582ad3b84cfd6314
SERVER_TRAFFIC_SECRET_0 a6165312616d534d1f6560833298bae84232cc2e72174add4ce63277005c5bed 2c92ef21d718edaa22ed4defbd782cd34224229987e996a1751b85257d0f8f906d67b1f8400d0e52e0a1a51360523f0b
CLIENT_HANDSHAKE_TRAFFIC_SECRET a6165312616d534d1f6560833298bae84232cc2e72174add4ce63277005c5bed 002be148a2ef10163ff23f198de59c96ff4fa1a671f8d53f0a9f32fadfe9791e6024d5cd48591d7899b8a99302053f1c
CLIENT_TRAFFIC_SECRET_0 a6165312616d534d1f6560833298bae84232cc2e72174add4ce63277005c5bed 3a330a16884bd5777eea22feb11666daf36195093004b5873dfff5a8e4d775be8b4d41fc014543bb5b7c4ad47ff7140e
SERVER_HANDSHAKE_TRAFFIC_SECRET c41fcc13d0679d45afc5716c658603a02dc680f61b21f242bdaf8e70262703f5 d4b3317175afde5557db0a0621d937432d1dd3ba73e4beb982b34a2131e942f41ad1967f0caa414bce303b115bed63c5
EXPORTER_SECRET c41fcc13d0679d45afc5716c658603a02dc680f61b21f242bdaf8e70262703f5 510827ad1cb735cd2f1cd800e19501d8eef5abee2dac25be369e05dc92f48247f455145f7e64071d1f74f972e044c966
SERVER_TRAFFIC_SECRET_0 c41fcc13d0679d45afc5716c658603a02dc680f61b21f242bdaf8e70262703f5 2129358eafdc509dcb5a7495719a4bd1c91dbc101b31afcab3d7b4c1e1454e9b9ea5974b205b564194a82c35e8b75e56
CLIENT_HANDSHAKE_TRAFFIC_SECRET c41fcc13d0679d45afc5716c658603a02dc680f61b21f242bdaf8e70262703f5 c7fcf00e79a6ab220e3e5b0410d8e8e2dbb4fec0cbbbc01c8ad6e9ffcfcc66b9f06e173e6c5b18d9d6af985811d103d0
CLIENT_TRAFFIC_SECRET_0 c41fcc13d0679d45afc5716c658603a02dc680f61b21f242bdaf8e70262703f5 d9659d07bd6a043533b683793e5d1fccd7b81dc0028e1c7656f57b0f539c5fea962431dcae236b59e76325abcc2ba038
SERVER_HANDSHAKE_TRAFFIC_SECRET 70f1a4a654da185874d7175e533091515f7f338e1b4fa3b52f8c78861b8469b5 fb506ebe0716ee3bb5b8323c8f102a965d6dd9d8416779635ac184636074d0de35e91f69ed40dfae597e17999fb37476
EXPORTER_SECRET 70f1a4a654da185874d7175e533091515f7f338e1b4fa3b52f8c78861b8469b5 cf5373aa805ceb40a11e94dff25997dbe72e03e23d80c4070b3c9df9c3df43f6249564bd2c65c246361beeff0bb2728b
SERVER_TRAFFIC_SECRET_0 70f1a4a654da185874d7175e533091515f7f338e1b4fa3b52f8c78861b8469b5 efcd41e78db8f2c18c755b1618c0b27794c23259d19a99f100ad59d17ff72ef52357cf3cbdec7912535df2b2154f418c
CLIENT_HANDSHAKE_TRAFFIC_SECRET 70f1a4a654da185874d7175e533091515f7f338e1b4fa3b52f8c78861b8469b5 021c6c42227e05d41ac95c1ad950c0fa4bf48abe6663b7ad447ee9b71d025645aedcc1f745e0888209ff23cfe0bdcd12
CLIENT_TRAFFIC_SECRET_0 70f1a4a654da185874d7175e533091515f7f338e1b4fa3b52f8c78861b8469b5 b27f891a85c20971fb22d62b0e30e4eb799633d134e66926fc6b39ca49900579fe501e3767814e3eea27a87bb74d1ec3
SERVER_HANDSHAKE_TRAFFIC_SECRET 792e0ef3428c3fe1d1450301342e5486b62d919decc8e9c410d6603ae59df266 0c2995c519713b4d81a4a47ad312078cef983e53dcbcf305d3d8b4f3658d23cd138f12bbe6d8da6b81c0ebf156e05bcb
EXPORTER_SECRET 792e0ef3428c3fe1d1450301342e5486b62d919decc8e9c410d6603ae59df266 8dae423b8b57742ef42f6ab27e346478d28abcdee76974639991824ded62495cf9f74c06ab04c9ce9328577938b49bee
SERVER_TRAFFIC_SECRET_0 792e0ef3428c3fe1d1450301342e5486b62d919decc8e9c410d6603ae59df266 022fe9a637a02b6c2e0cf7b1061fde49405c61bba517fa71a126c79d6ce8622f4643b70686181b09fb264e71afc98158
CLIENT_HANDSHAKE_TRAFFIC_SECRET 792e0ef3428c3fe1d1450301342e5486b62d919decc8e9c410d6603ae59df266 4373385c04cd36fe9194c3fa6080f30c765e5a7a65118a6b66f08527f09d80d87359d74fb42e2f0340ad11457bbf0a26
CLIENT_TRAFFIC_SECRET_0 792e0ef3428c3fe1d1450301342e5486b62d919decc8e9c410d6603ae59df266 74450f0d48262b6d8e4cdfd127dd0d52e2e2a8ae7bed4d33e35fd30025eea11b28146097ebf4c801309aa6f6e2180f25
SERVER_HANDSHAKE_TRAFFIC_SECRET e06918d6554fb7a6333b19fe511601cf0e4df24eda58c2840b9f5fbf3acc4ac0 12b67237fc493da58e76d4fa5ab00a712ed7bdfb73cbda94c306db616667cb6301474106188035fdcc2dfd7c0a7cdec4
EXPORTER_SECRET e06918d6554fb7a6333b19fe511601cf0e4df24eda58c2840b9f5fbf3acc4ac0 6fa180a89b6e8fd21bb940bf65d1cb94aa87d518bb2f5047e9f1e5edfb3a32fb18fef13d66a4999ef3d747076b3248fd
SERVER_TRAFFIC_SECRET_0 e06918d6554fb7a6333b19fe511601cf0e4df24eda58c2840b9f5fbf3acc4ac0 ca9e318ed5789322ddfee0379f15224943f79a33953072f58881ed70d335a33e3f435b80cd57c5eb43efbb462ff9772c
CLIENT_HANDSHAKE_TRAFFIC_SECRET e06918d6554fb7a6333b19fe511601cf0e4df24eda58c2840b9f5fbf3acc4ac0 29abb9801200a4e27ced14b9272c81e562ed44a4a5424cd06d349dbd957d91499490cfabda8c11ad35767d0a459ac8b7
CLIENT_TRAFFIC_SECRET_0 e06918d6554fb7a6333b19fe511601cf0e4df24eda58c2840b9f5fbf3acc4ac0 0681cf9080647acbaa733c5433b82f4e0db7963c781869bdd7be0381d326945e39ffa11015efc6f300aba39c83a0d56a
SERVER_HANDSHAKE_TRAFFIC_SECRET e57fc17b0c114eb255f48885601bcf3d8d336d33d6fe134b0e308395908f05b7 afc86eb84a51b0f586ce62f43f3737d275c5569369c4c552cc1ddc90ff507ee9d02a75f80785136fd0421d29916cb24c
EXPORTER_SECRET e57fc17b0c114eb255f48885601bcf3d8d336d33d6fe134b0e308395908f05b7 cdd10997b0f6b7775d00732f33f0fb787f74ef6f5aa1a8a0f869c336268d583fda03b55c8d4922fd53960506ebbc0558
SERVER_TRAFFIC_SECRET_0 e57fc17b0c114eb255f48885601bcf3d8d336d33d6fe134b0e308395908f05b7 26ffaced368c7aa46733750dcef74be0fc3936b2510069fc6d4bbafa656887f8efd65c011903c98f4429dd8298087b92
CLIENT_HANDSHAKE_TRAFFIC_SECRET e57fc17b0c114eb255f48885601bcf3d8d336d33d6fe134b0e308395908f05b7 470f487a967e035695031f4edddb84bedb49d1fe0bf5597d2e790d48a10f02e1231817c35674f30fd5d5fb36bf802d26
CLIENT_TRAFFIC_SECRET_0 e57fc17b0c114eb255f48885601bcf3d8d336d33d6fe134b0e308395908f05b7 2d838c6f36ff89e18a3557691623c8cde756bb538bc1adee29afe9e589695a11469fc437d11d9b19c2caa21a5b52fd84
SERVER_HANDSHAKE_TRAFFIC_SECRET bf8f0d5485fee082a0e5277105928e17b1df2082939d27aabd4bd0ff814a8a88 c75da2c673981c33d0864e50385022843c9880ebafa512aeb9b526f3f1e7d9a67cfb314dbf56463fa963f68b1501716e
EXPORTER_SECRET bf8f0d5485fee082a0e5277105928e17b1df2082939d27aabd4bd0ff814a8a88 aa0c5ea501e5baa065d61bfde38a42ff1e0673d1c8fcc1bb8797cdbdf1cad4079d05a8919f3acf6d5815129693afd71c
SERVER_TRAFFIC_SECRET_0 bf8f0d5485fee082a0e5277105928e17b1df2082939d27aabd4bd0ff814a8a88 65bd6ae289f42841b74c7bb6d669c3355510d308afb61a81b281e90e7e76207c56b8dd8f20c59dedd2c098886911d252
CLIENT_HANDSHAKE_TRAFFIC_SECRET bf8f0d5485fee082a0e5277105928e17b1df2082939d27aabd4bd0ff814a8a88 e7c40986a844dd2461a813bc2b68971615cd4eeca25189ba9f1910c574713eb4444798106ab035a3c538789b1844dec2
CLIENT_TRAFFIC_SECRET_0 bf8f0d5485fee082a0e5277105928e17b1df2082939d27aabd4bd0ff814a8a88 c9f02c1f4b91c11bf2cc6caf0a778b23d5d467f2bdc998ecae04c8fe5c3f66b28d4d55b4396c31682cdc8f08c201b696
SERVER_HANDSHAKE_TRAFFIC_SECRET f89d2248ee08917784a97e43e4c21b793519e2c4ccd0305817bd71f21f02151e f6e12d966aa705c3c85ea636c3fa5067d99dc0669b0770055e831e58b9723fabf50223bd446ca5590ec7e4f6a737c659
EXPORTER_SECRET f89d2248ee08917784a97e43e4c21b793519e2c4ccd0305817bd71f21f02151e 5e88028cd685019128520043a7377e82db8182bb4aa8a7a7c4ce12cc8c8345fe592f7e261b2953f4e81affc5388efafb
SERVER_TRAFFIC_SECRET_0 f89d2248ee08917784a97e43e4c21b793519e2c4ccd0305817bd71f21f02151e e01f58f6a6d22bd58e45097a775143a1e7f3dc9da72e7ab74dc4734654ea2d7546f93d0f29cd4e011d38a7da46b24914
CLIENT_HANDSHAKE_TRAFFIC_SECRET f89d2248ee08917784a97e43e4c21b793519e2c4ccd0305817bd71f21f02151e 6e66b8425b40ff7f1cb6b8682e8ca3283ec3a1709c41999e92bc866feaaca62ed3eb1e1819ac4501dba2a5fdacc4c275
CLIENT_TRAFFIC_SECRET_0 f89d2248ee08917784a97e43e4c21b793519e2c4ccd0305817bd71f21f02151e 3d45a88a20f39e30eda51cd1cdac98df3a40e76bff78c38852f690f4169316d094d2ce7f87f2f0c34557272e7649ed59
SERVER_HANDSHAKE_TRAFFIC_SECRET 4f2ee369d094f9719d3af6ab09a262de6c004dcd860a2a333ead834311f09593 b340453866962a3d138eb12b7d2ca34917d55ed006ebe69edeb0a63d201d5123b05923dc48e26129043f93e955d6bb70
EXPORTER_SECRET 4f2ee369d094f9719d3af6ab09a262de6c004dcd860a2a333ead834311f09593 f9294ab4a6a405e78d9e0b2d7915d0beb5d67d1b6fde64258eef533b981da80c44e2686815fcd87577b01beca39795b3
SERVER_TRAFFIC_SECRET_0 4f2ee369d094f9719d3af6ab09a262de6c004dcd860a2a333ead834311f09593 62b510a90cd4fd0cacb055513c23e38465943cfb485b7e9238a3541cdbf758d7b4f4f8144fd35aa1c9b18eaeefe881ce
CLIENT_HANDSHAKE_TRAFFIC_SECRET 4f2ee369d094f9719d3af6ab09a262de6c004dcd860a2a333ead834311f09593 fd2326fc50613eb1b469a97a5877a0572826cd1a5afdac05841ed6022282d8750368853e771a0038a6ac6661d16c39c1
CLIENT_TRAFFIC_SECRET_0 4f2ee369d094f9719d3af6ab09a262de6c004dcd860a2a333ead834311f09593 ae95fa8c44485e3e5837cbc8eaa22a56e55e993278d8338b0984ee4be6b4a9a4d54f5bdbb15f66614bbcc1beda62fab2
SERVER_HANDSHAKE_TRAFFIC_SECRET 92af946adc41f83a297ccc628fd8a3ac53b1226b18141698b7f7cfe6f52625a2 c73104a74489eabd5dd9eb77fcb8e6ad3b902bf81511715fff8a0ac6d12272c3c07b18b0dcbc92baac0ddd9e28c2b788
EXPORTER_SECRET 92af946adc41f83a297ccc628fd8a3ac53b1226b18141698b7f7cfe6f52625a2 e56852dad3681315e783bd2e588c4f8e43b34d6d597cd77f0c03b56310e31dff081e2efe03c58851ce80aeb51da7289e
SERVER_TRAFFIC_SECRET_0 92af946adc41f83a297ccc628fd8a3ac53b1226b18141698b7f7cfe6f52625a2 98f277f37464be795eef4d26d0242776fc5890897fda161725570e9c51fde6eceeafe4a3f8c84ec15db2d729bf0423ce
CLIENT_HANDSHAKE_TRAFFIC_SECRET 92af946adc41f83a297ccc628fd8a3ac53b1226b18141698b7f7cfe6f52625a2 ef79fc89a0bc6a1082dd45f8d0e4c98945a78b20858559993a23e1c473b5851e23f58236583bb02401d2b14e3d4f3a77
CLIENT_TRAFFIC_SECRET_0 92af946adc41f83a297ccc628fd8a3ac53b1226b18141698b7f7cfe6f52625a2 2ba2e84330afe45a0dcb60075a6ef31791bcaa0cf69be9ad3bd2bcca2d7b4ccabe29a4a41dd15741cf3c38d0e2991a45
SERVER_HANDSHAKE_TRAFFIC_SECRET e8a9a650fe30a55b1025407434388337219173d677db43c711a352c07bda8e31 d2e4b0225c870d4a92e11c85038e68e215d206bc1fa561e786a906a33780ebf25884f47c987cc27c329076b97881f0c2
EXPORTER_SECRET e8a9a650fe30a55b1025407434388337219173d677db43c711a352c07bda8e31 70159770bb149fc4e98e5795a19bd45c11a920fe674f46c0dc45fc5dbcd0c2f133117b1180dcb63902f7ab9ee2ebda43
SERVER_TRAFFIC_SECRET_0 e8a9a650fe30a55b1025407434388337219173d677db43c711a352c07bda8e31 e1df7e51ae5fb5c2d15932398f9761dfcbdcacb5f3ee216adab1f3a5105f382b309c182d413ce6fb6adc02d70afe788a
CLIENT_HANDSHAKE_TRAFFIC_SECRET e8a9a650fe30a55b1025407434388337219173d677db43c711a352c07bda8e31 c9341db02b7331bc57986abb2fb8acef373177b5a2b8efbeadd0309504ecb7a136e155644cb00fa43b8668021cb9dc3b
CLIENT_TRAFFIC_SECRET_0 e8a9a650fe30a55b1025407434388337219173d677db43c711a352c07bda8e31 6b80e5a3d4c73c06c054660939257a65d8ac88eff0a2eca6878fd050a8242f4c772e379ab656e56d551f3f7a5ed37f2a
SERVER_HANDSHAKE_TRAFFIC_SECRET dbe734b99ac6e0a25f776ee4a3209fc2e122e16bbb1b2074aaa2cc295b0327f6 b82fb8a2066b5092e78b36014b25b0b0814de3168a80342c90dfd83776917ef4eca01a4e89d55926c3ec36bdd7061390
EXPORTER_SECRET dbe734b99ac6e0a25f776ee4a3209fc2e122e16bbb1b2074aaa2cc295b0327f6 73677a69931a059dcdaa062bcbe09712d3ed5c2d7fe68dca7227a6ac2364afa89e1fee41c19d0318ce38b9407d75b2fa
SERVER_TRAFFIC_SECRET_0 dbe734b99ac6e0a25f776ee4a3209fc2e122e16bbb1b2074aaa2cc295b0327f6 4a32096d7137a76ab7696ee2f58511e27724017006a3a04aa715e50c3686af7e1298a3bf71ce800082a042d63a754477
CLIENT_HANDSHAKE_TRAFFIC_SECRET dbe734b99ac6e0a25f776ee4a3209fc2e122e16bbb1b2074aaa2cc295b0327f6 73e6d3ee027f84b69f538fb24e3a90f26b11f213208bf2c8b4281564e44a6c74b8b44272cd3c1b2838a3c1288bc3afc2
CLIENT_TRAFFIC_SECRET_0 dbe734b99ac6e0a25f776ee4a3209fc2e122e16bbb1b2074aaa2cc295b0327f6 8a9d5f99771e5771e7bb2bf7debed85a50f20c2beb7ea940c8216d40a31e99e1512a7cfa47679fbfce814c0123381462
SERVER_HANDSHAKE_TRAFFIC_SECRET 0daefc556d482bcc0a8af2ef4dc45d9b5ef276a4b8f6fb49ccd7b4ec53a12d3a 2c635b7060447a6ed2c3aa6d96cde5b92129201cc0af0ac2ab9aa6832f961acd25282c4742cc7a7c5861381dca1ed217
EXPORTER_SECRET 0daefc556d482bcc0a8af2ef4dc45d9b5ef276a4b8f6fb49ccd7b4ec53a12d3a 0c255d92407c2cdee61bb1065f6fd0854ac5e3678c1aac48f36d6380d5898ce158a6f6db4a7c8702b718532d713e4cfe
SERVER_TRAFFIC_SECRET_0 0daefc556d482bcc0a8af2ef4dc45d9b5ef276a4b8f6fb49ccd7b4ec53a12d3a f2300a3a18944729769881d39c12ec7088b7ea4187b0e9ba24d365201d30cfd4382f9f08fac897ca121c1cc838d47608
CLIENT_HANDSHAKE_TRAFFIC_SECRET 0daefc556d482bcc0a8af2ef4dc45d9b5ef276a4b8f6fb49ccd7b4ec53a12d3a ce71cd7ec2b28915bc127334d46aa4e9c8f7365a21ff8df2a3771521a75f02eb6db5ad4364cb902a02b99f32c6bd4869
CLIENT_TRAFFIC_SECRET_0 0daefc556d482bcc0a8af2ef4dc45d9b5ef276a4b8f6fb49ccd7b4ec53a12d3a 8073d47c2ef0048f5ffe0d0b6f22cebdaa279e53e761e6c46d4d00c078914580fad383ed4796a8782cc4d031280924aa
SERVER_HANDSHAKE_TRAFFIC_SECRET 3dae2f2ae6e0aaa0b0fbe3cd4070812edd585e68634d2f85963119238a8a4226 5eae98ea4af9ade9447de16693d7291ab3c5013e32ae6f8d97dc08f4b42a79f59699952ee1b01d1368e845c0457149c8
EXPORTER_SECRET 3dae2f2ae6e0aaa0b0fbe3cd4070812edd585e68634d2f85963119238a8a4226 e34c68c494f7366e549a021ff2bb357999b516dfde1143ac4a7a5a6872cd3c4e254aefd114513e36460d37f77eb07c64
SERVER_TRAFFIC_SECRET_0 3dae2f2ae6e0aaa0b0fbe3cd4070812edd585e68634d2f85963119238a8a4226 ece2e006c6f68d7b2d2d0d4fe953b8329b6f24742d8cfd4b136e4716f3b5024e3616cc34e85f115123eb472f3bc4202d
CLIENT_HANDSHAKE_TRAFFIC_SECRET 3dae2f2ae6e0aaa0b0fbe3cd4070812edd585e68634d2f85963119238a8a4226 212d1e7b421a42e719911d12819c1348befe77441379da22af2d31998911ca0773c3284771b4f7ec7f59b2c7b401e42c
CLIENT_TRAFFIC_SECRET_0 3dae2f2ae6e0aaa0b0fbe3cd4070812edd585e68634d2f85963119238a8a4226 e55753c4fb8fce61517f3eb41c579937037b9b6a093bdf1efe453fe07608df8d1eba3efe299f3de1827bd81fcadc09ee
SERVER_HANDSHAKE_TRAFFIC_SECRET 19ecbeca2ab145fe0cf622ab5712341c48f4dbb853c86f25fa7772b133a8e3d2 73bcbaacf05d3ec3445ab49b739d7d6279c3f32750a2f28b935e03b9aeb3d399c50a661f61ee9156c19088542923b8b2
EXPORTER_SECRET 19ecbeca2ab145fe0cf622ab5712341c48f4dbb853c86f25fa7772b133a8e3d2 a87f09c681fbe364027b819c0ec769a92bd70ea435b4d18e347a3325c9a32f14b6956f50c0450dd049e801079557ba64
SERVER_TRAFFIC_SECRET_0 19ecbeca2ab145fe0cf622ab5712341c48f4dbb853c86f25fa7772b133a8e3d2 92f8625c678a8b112eb44bbd12f7466b2439ecf91e7fc5de72e432d744a07011a10e963897fb3eaa131a509d65c5d570
CLIENT_HANDSHAKE_TRAFFIC_SECRET 19ecbeca2ab145fe0cf622ab5712341c48f4dbb853c86f25fa7772b133a8e3d2 8a03000244aacfe1321b8355455e22aa1f5fe636489d3108047b4c79347d7d1efe6679fac4e0072592a02102b1235e36
CLIENT_TRAFFIC_SECRET_0 19ecbeca2ab145fe0cf622ab5712341c48f4dbb853c86f25fa7772b133a8e3d2 c9a6b79b30e8cdf554a23404405e0f11c234ea2f81e987796c08b02a2fd81b5ef4e45ea17802fc57bec5023bda797f13
SERVER_HANDSHAKE_TRAFFIC_SECRET 08009aca75e16ccbc4389c7ca405224d06039fce16c76aa57f1f94f0cab52fc1 a9d0c365440fc371592e85b41388648cc8f80da47fc478be1e8fd9faa3f7c64fede3e7f818a8ad4874e9206be3ba055a
EXPORTER_SECRET 08009aca75e16ccbc4389c7ca405224d06039fce16c76aa57f1f94f0cab52fc1 b47f8575d7139e6e5bb6187fcefa2f83bf2c5e48be7c56ee80cd358ec5409d7517d9187a7b76e2c6cc9133be4a5d83d3
SERVER_TRAFFIC_SECRET_0 08009aca75e16ccbc4389c7ca405224d06039fce16c76aa57f1f94f0cab52fc1 e7fd6c6e6664a7228219fab483fb35e728e9da1932806d4d1cad93a5e63d886ef18f666d4087f7b60c95ac40fe421b02
CLIENT_HANDSHAKE_TRAFFIC_SECRET 08009aca75e16ccbc4389c7ca405224d06039fce16c76aa57f1f94f0cab52fc1 cfcdd77f051c655d83d83bc752c8ce1dc7b980e9a4d275b79e6cf99756fcb6b0039b9818a781da30b0d2727239e622bd
CLIENT_TRAFFIC_SECRET_0 08009aca75e16ccbc4389c7ca405224d06039fce16c76aa57f1f94f0cab52fc1 e054253c20cf51b21c4e18693ca2550658d0db8b688ce63ea95865183f3258d1777df125bfb13411bca6352dff2cab1b
SERVER_HANDSHAKE_TRAFFIC_SECRET 83335277dfc7498784bb7086547b77f0cc15ae913148fe57e00ce854c8666d27 9dec41f14d55e63a88c4f3adccbcee88b556e151919b6e66b4539563b6eda6538faf75196cfa74be4415d4d259d22c93
EXPORTER_SECRET 83335277dfc7498784bb7086547b77f0cc15ae913148fe57e00ce854c8666d27 f0bb00439051eaa3bf7ac432854d1d5256371c9bec9ea0ba0004096c2259b929084813ea7b662301ce3a99e241840800
SERVER_TRAFFIC_SECRET_0 83335277dfc7498784bb7086547b77f0cc15ae913148fe57e00ce854c8666d27 427c5e76f70f0746768aa8852b372cec17a3ccf19844c72499435150aecf36cd57d4acc71901240b5d6e49854644b2e2
CLIENT_HANDSHAKE_TRAFFIC_SECRET 83335277dfc7498784bb7086547b77f0cc15ae913148fe57e00ce854c8666d27 0062488a763daea454150d85ac69edc25a43bb42df7ef063b77a2b17d5fe3d1c683aec0909466931fa20397357f9e9d5
CLIENT_TRAFFIC_SECRET_0 83335277dfc7498784bb7086547b77f0cc15ae913148fe57e00ce854c8666d27 53be0c7e017f70db5289ebcf12068ea9dd7b3fc2f5f2a16c0a9944770df56c9a8cf85dc1c4ed951b14c74231b007cd97
SERVER_HANDSHAKE_TRAFFIC_SECRET 7dbbac15d54ebb1ad4dc30b92e0f191e2e75fc513d5b3f245e9540ce227f3d92 1f2d86e9752524149658a8d697b60ecc48193b1f02f5b1329f8df7bed2d2ff2ebfa028600afe5ea6b104d2ceb8f1abd6
EXPORTER_SECRET 7dbbac15d54ebb1ad4dc30b92e0f191e2e75fc513d5b3f245e9540ce227f3d92 949479cff4c9de341ae6dc4a0291a5527c122ea8e3d8693f733cd8c4379bfd9b0e0ffb55f1cbd8b53a7ddcbafd0f4fc5
SERVER_TRAFFIC_SECRET_0 7dbbac15d54ebb1ad4dc30b92e0f191e2e75fc513d5b3f245e9540ce227f3d92 0bb7ded413715db1db5790052ec1db9b405a7fbde0822318910eb034279ee99546b28e3542134c67eb2f249eefd52339
CLIENT_HANDSHAKE_TRAFFIC_SECRET 7dbbac15d54ebb1ad4dc30b92e0f191e2e75fc513d5b3f245e9540ce227f3d92 03315f99fe3c25d02ff8a2a5b9768be2efb1392f3f2e9ec69f0f10c03f9d92660453db49cce60cace85ddbfc4ce86acd
CLIENT_TRAFFIC_SECRET_0 7dbbac15d54ebb1ad4dc30b92e0f191e2e75fc513d5b3f245e9540ce227f3d92 2b936c15bbb66ea50377c6fe05d2012e3757780173ef8e2ecd599b28cd0d83132c0304a231b0297b74e901233d84968c
SERVER_HANDSHAKE_TRAFFIC_SECRET 6909a38fbfd8e2deb657370d62e0131c3b8e2e4153ea188e5360fe80f619dbdd 121fb50eb4369674b296a41dd866140c7e1a80de53f6627993741632424aac97098d345d198a5022962104baf841ee87
EXPORTER_SECRET 6909a38fbfd8e2deb657370d62e0131c3b8e2e4153ea188e5360fe80f619dbdd 17f5e73598049449690a1cb7b402077e0780a8260a59fc5758a9dd43232a97cef2bd7e7c506626a6c5f70c522c2a8d25
SERVER_TRAFFIC_SECRET_0 6909a38fbfd8e2deb657370d62e0131c3b8e2e4153ea188e5360fe80f619dbdd fe54408ac0b299f80572374fd7e36eea5d5af031a0f09514eeccce8e9ad5704ed1319f6f7c54ec0bf6fa20165ff09222
CLIENT_HANDSHAKE_TRAFFIC_SECRET 6909a38fbfd8e2deb657370d62e0131c3b8e2e4153ea188e5360fe80f619dbdd 5407d82410d3202e54b500ea9c3a975a6881e2b1e8e140f4beefd3173c2ea893927d56b0278e2059ebdd2454e7358aeb
CLIENT_TRAFFIC_SECRET_0 6909a38fbfd8e2deb657370d62e0131c3b8e2e4153ea188e5360fe80f619dbdd 44debacc8b1e9ec74dec3d3d8b644c39b9c9f00e61a67336df22e3fb9a385bf246ee5c5495df15d622a65b0900c5fe95
SERVER_HANDSHAKE_TRAFFIC_SECRET 18ba10932b903bbced7795463951c6172f424b5cb6f86826c604dfc1b24282bd ad54b2a7d70b8d361c53f267c99796b5400d66104478d2739a96c61fbb6928412a4ca441e0aef641cf4b28258c81fce5
EXPORTER_SECRET 18ba10932b903bbced7795463951c6172f424b5cb6f86826c604dfc1b24282bd af477bed1847ef4cb59d36f3e9cb94b009b0e7977f60207f9796a0a2bdc0c889976c2f249abe4f1b5605430a0f028148
SERVER_TRAFFIC_SECRET_0 18ba10932b903bbced7795463951c6172f424b5cb6f86826c604dfc1b24282bd a4e7c261698220e51e01b011cbfe15a1aaf85f3e6a7aaaa08b4c62fe795aa568eb8fbfbdde73838ed774814a20c773a6
CLIENT_HANDSHAKE_TRAFFIC_SECRET 18ba10932b903bbced7795463951c6172f424b5cb6f86826c604dfc1b24282bd b2ba38df92b95f23016ff20176742a3c8f439c0f502d634fc9ac35d2f183bf67715aebafb0bf118f2c7fd865c3e816e5
CLIENT_TRAFFIC_SECRET_0 18ba10932b903bbced7795463951c6172f424b5cb6f86826c604dfc1b24282bd edd7fd0f6f08bd0097df09e20df5878669cb479cb3a999ea4a9c40423218434d9bee929f85a1996badca4137630ae8e0
SERVER_HANDSHAKE_TRAFFIC_SECRET a60fd84a6a800c477d1626320d1269072fbfbf4a3778e6c66690a8a957381cdd e0c3d6d5d3f7657ea6d117ebd55d243f2a41b507d5c97fdb8968090b15fe0c57e7c6f118ba425506c7e5f67b6f68da68
EXPORTER_SECRET a60fd84a6a800c477d1626320d1269072fbfbf4a3778e6c66690a8a957381cdd b22441e33f9e52e178160cfa91130a2d30dcc8a8ae38733e02ae30a115fa3d7cc2c00306076bddc6f7c69e9c032b22eb
SERVER_TRAFFIC_SECRET_0 a60fd84a6a800c477d1626320d1269072fbfbf4a3778e6c66690a8a957381cdd 782e5495538c974b5af664803273cd7b74a4183d4dc28887cc8e53b21b8a13c54d86d36c5115b17f4792fce9b20014de
CLIENT_HANDSHAKE_TRAFFIC_SECRET a60fd84a6a800c477d1626320d1269072fbfbf4a3778e6c66690a8a957381cdd cf366cf00cd2c6247f3db05065c8d029f468cc189aaa7cda1185b6508a563df958810dc95a0d0ab4bc16df18a544b310
CLIENT_TRAFFIC_SECRET_0 a60fd84a6a800c477d1626320d1269072fbfbf4a3778e6c66690a8a957381cdd ab77e96b67bf97a2a944c1b831c688d88f4fe082c2525162ec2da2926884c6960f2e55b53c572370ab33169ef1a716d9
